{
  "/lastName": {
    "Title": {
      "Title": "Last Name",
      "ReferenceLevel": 0
    },
    "Description": {
      "Description": "",
      "ReferenceLevel": 0
    },
    "Examples": {
      "Examples": null,
      "ReferenceLevel": 0
    }
  }
}
