{
  "/properties/rootProp": {},
  "/properties/rootProp/properties/childProp": {},
  "/properties/rootProp/properties/childProp/properties/grandchildProp": {
    "Title": {
      "Value": "Grandchild Prop",
      "ReferenceLevel": 0
    }
  }
}
