{
  "/rootProp": {},
  "/rootProp/childProp": {},
  "/rootProp/childProp/grandchildProp": {
    "Title": {
      "Value": "Grandchild Prop",
      "ReferenceLevel": 0
    }
  }
}
