{
  "/lastName": {
    "Title": {
      "Title": "Last Name",
      "ReferenceLevel": 0
    }
  }
}
