{
    "$id": "http://example.com/myschema",
    "$schema": "http://json-schema.org/schema#",
    "type": "object",
    "properties": {}
}
